ARM Linker, 5.03 [Build 76] [MDK-ARM Lite]

==============================================================================

Section Cross References



==============================================================================

Image Symbol Table

    Local Symbols

    Symbol Name                              Value     Ov Type        Size  Object(Section)

    ALP2                                     0x00000000   Section       16  lsl.o(ALP2)
    add_sub.s                                0x00000000   Number         0  add_sub.o ABSOLUTE
    barrel_add.s                             0x00000000   Number         0  barrel_add.o ABSOLUTE
    loadstore14.s                            0x00000000   Number         0  loadstore14.o ABSOLUTE
    loadstore8.s                             0x00000000   Number         0  loadstore8.o ABSOLUTE
    logic.s                                  0x00000000   Number         0  logic.o ABSOLUTE
    lsl.s                                    0x00000000   Number         0  lsl.o ABSOLUTE
    mvn.s                                    0x00000000   Number         0  mvn.o ABSOLUTE
    rev_sub.s                                0x00000000   Number         0  rev_sub.o ABSOLUTE
    ALP3                                     0x00000010   Section       24  add_sub.o(ALP3)
    ALP4                                     0x00000028   Section       16  rev_sub.o(ALP4)
    ALP4                                     0x00000038   Section       16  barrel_add.o(ALP4)
    ALP6                                     0x00000048   Section       40  logic.o(ALP6)
    ALP7                                     0x00000070   Section       16  mvn.o(ALP7)
    ALP8                                     0x40000000   Section       32  loadstore8.o(ALP8)
    DATATRANSFER                             0x40000020   Section       32  loadstore14.o(DATATRANSFER)

    Global Symbols

    Symbol Name                              Value     Ov Type        Size  Object(Section)

    BuildAttributes$$THM_ISAv1$ARM_ISAv4$S$PE$A:L22$X:L11$S22$IEEE1$IW$USESV6$~STKCKD$USESV7$~SHL$OSPACE$EBA8$STANDARDLIB$PRES8$EABIv2 0x00000000   Number         0  anon$$obj.o ABSOLUTE



==============================================================================

Memory Map of the image

  Image Entry point : 0x00000000

  Load Region LR_1 (Base: 0x00000000, Size: 0x000000c0, Max: 0xffffffff, ABSOLUTE)

    Execution Region ER_RO (Base: 0x00000000, Size: 0x00000080, Max: 0xffffffff, ABSOLUTE)

    Base Addr    Size         Type   Attr      Idx    E Section Name        Object

    0x00000000   0x00000010   Code   RO            1  * ALP2                lsl.o
    0x00000010   0x00000018   Code   RO            6    ALP3                add_sub.o
    0x00000028   0x00000010   Code   RO            9    ALP4                rev_sub.o
    0x00000038   0x00000010   Code   RO           12    ALP4                barrel_add.o
    0x00000048   0x00000028   Code   RO           15    ALP6                logic.o
    0x00000070   0x00000010   Code   RO           18    ALP7                mvn.o


    Execution Region ER_RW (Base: 0x40000000, Size: 0x00000040, Max: 0xffffffff, ABSOLUTE)

    Base Addr    Size         Type   Attr      Idx    E Section Name        Object

    0x40000000   0x00000020   Code   RW           21    ALP8                loadstore8.o
    0x40000020   0x00000020   Code   RW           24    DATATRANSFER        loadstore14.o


    Execution Region ER_ZI (Base: 0x40000040, Size: 0x00000000, Max: 0xffffffff, ABSOLUTE)

    **** No section assigned to this execution region ****


==============================================================================

Image component sizes


      Code (inc. data)   RO Data    RW Data    ZI Data      Debug   Object Name

        24          0          0          0          0        164   add_sub.o
        16          0          0          0          0        168   barrel_add.o
        32          4          0          0          0        176   loadstore14.o
        32          4          0          0          0        168   loadstore8.o
        40          8          0          0          0        160   logic.o
        16          0          0          0          0        188   lsl.o
        16          0          0          0          0        156   mvn.o
        16          0          0          0          0        164   rev_sub.o

    ----------------------------------------------------------------------
       192         16          0          0          0       1344   Object Totals
         0          0          0          0          0          0   (incl. Generated)
         0          0          0          0          0          0   (incl. Padding)

    ----------------------------------------------------------------------
         0          0          0          0          0          0   Library Totals
         0          0          0          0          0          0   (incl. Padding)

    ----------------------------------------------------------------------

==============================================================================


      Code (inc. data)   RO Data    RW Data    ZI Data      Debug   

       192         16          0          0          0       1344   Grand Totals
       192         16          0          0          0       1344   ELF Image Totals
       192         16          0          0          0          0   ROM Totals

==============================================================================

    Total RO  Size (Code + RO Data)                  192 (   0.19kB)
    Total RW  Size (RW Data + ZI Data)                 0 (   0.00kB)
    Total ROM Size (Code + RO Data + RW Data)        192 (   0.19kB)

==============================================================================

