


ARM Macro Assembler    Page 1 


    1 00000000                 AREA             DATATRANSFER,CODE,READWRITE
    2 00000000         START
    3 00000000         
    4 00000000 E3A00101        LDR              R0, =0x40000000
    5 00000004 E3A04045        LDR              R4, =69
    6 00000008 E5804000        STR              R4, [R0]
    7 0000000C E5901000        LDR              R1,[R0]
    8 00000010 E59F2004        LDR              R2,=0x40000050
    9 00000014 E5821000        STR              R1,[R2]
   10 00000018 EAFFFFFE 
                       STOP    B                STOP
   11 0000001C                 END
              40000050 
Command Line: --debug --xref --apcs=interwork --depend=.\loadstore14.d -o.\load
store14.o -IC:\Keil\ARM\RV31\INC -IC:\Keil\ARM\CMSIS\Include -IC:\Keil\ARM\Inc\
Philips --predefine="__EVAL SETA 1" --list=.\loadstore14.lst loadstore14.s



ARM Macro Assembler    Page 1 Alphabetic symbol ordering
Relocatable symbols

DATATRANSFER 00000000

Symbol: DATATRANSFER
   Definitions
      At line 1 in file loadstore14.s
   Uses
      None
Comment: DATATRANSFER unused
START 00000000

Symbol: START
   Definitions
      At line 2 in file loadstore14.s
   Uses
      None
Comment: START unused
STOP 00000018

Symbol: STOP
   Definitions
      At line 10 in file loadstore14.s
   Uses
      At line 10 in file loadstore14.s
Comment: STOP used once
3 symbols
336 symbols in table
