<html>
<body>
<pre>
<h1>µVision Build Log</h1>
<h2>Project:</h2>
C:\Users\Aswin\Documents\MCES LAB\p1\p.uvproj
Project File Date:  06/07/2021

<h2>Output:</h2>
Rebuild target 'Target 1'
assembling mul.s...
assembling mul32.s...
assembling sumofarray.s...
assembling findmin.s...
assembling lab7.s...
assembling lab8.s...
linking...
Program Size: Code=280 RO-data=0 RW-data=0 ZI-data=0  
".\p.axf" - 0 Error(s), 0 Warning(s).
assembling lab7.s...
"lab7.s" - 0 Error(s), 0 Warning(s).
Error: Could not load file 'C:\Users\Aswin\Documents\MCES LAB\p1\p.axf'. Debugger aborted !
Error: Could not load file 'C:\Users\Aswin\Documents\MCES LAB\p1\p.axf'. Debugger aborted !
Error: Could not load file 'C:\Users\Aswin\Documents\MCES LAB\p1\p.axf'. Debugger aborted !
</pre>
</body>
</html>
