ARM Linker, 5.03 [Build 76] [MDK-ARM Lite]

==============================================================================

Section Cross References



==============================================================================

Image Symbol Table

    Local Symbols

    Symbol Name                              Value     Ov Type        Size  Object(Section)

    ADDITION                                 0x00000000   Section       60  sumofarray.o(ADDITION)
    findmin.s                                0x00000000   Number         0  findmin.o ABSOLUTE
    lab7.s                                   0x00000000   Number         0  lab7.o ABSOLUTE
    lab8.s                                   0x00000000   Number         0  lab8.o ABSOLUTE
    mul.s                                    0x00000000   Number         0  mul.o ABSOLUTE
    mul32.s                                  0x00000000   Number         0  mul32.o ABSOLUTE
    sumofarray.s                             0x00000000   Number         0  sumofarray.o ABSOLUTE
    TABLE                                    0x00000028   Data           0  sumofarray.o(ADDITION)
    COUNT                                    0x0000003c   Section       40  lab8.o(COUNT)
    LARGEST                                  0x00000064   Section       72  findmin.o(LARGEST)
    TABLE                                    0x00000088   Data           0  findmin.o(LARGEST)
    MULTIPLY                                 0x000000ac   Section       16  mul.o(MULTIPLY)
    SORT                                     0x000000bc   Section       56  lab7.o(SORT)
    multiply                                 0x000000f4   Section       36  mul32.o(multiply)
    DATA1                                    0x0000010c   Data           0  mul32.o(multiply)
    DATA2                                    0x0000010e   Data           0  mul32.o(multiply)

    Global Symbols

    Symbol Name                              Value     Ov Type        Size  Object(Section)

    BuildAttributes$$THM_ISAv1$ARM_ISAv4$S$PE$A:L22$X:L11$S22$IEEE1$IW$USESV6$~STKCKD$USESV7$~SHL$OSPACE$EBA8$STANDARDLIB$PRES8$EABIv2 0x00000000   Number         0  anon$$obj.o ABSOLUTE



==============================================================================

Memory Map of the image

  Image Entry point : 0x00000000

  Load Region LR_1 (Base: 0x00000000, Size: 0x00000118, Max: 0xffffffff, ABSOLUTE)

    Execution Region ER_RO (Base: 0x00000000, Size: 0x00000118, Max: 0xffffffff, ABSOLUTE)

    Base Addr    Size         Type   Attr      Idx    E Section Name        Object

    0x00000000   0x0000003c   Code   RO            9  * ADDITION            sumofarray.o
    0x0000003c   0x00000028   Code   RO           18    COUNT               lab8.o
    0x00000064   0x00000048   Code   RO           12    LARGEST             findmin.o
    0x000000ac   0x00000010   Code   RO            1    MULTIPLY            mul.o
    0x000000bc   0x00000038   Code   RO           15    SORT                lab7.o
    0x000000f4   0x00000024   Code   RO            6    multiply            mul32.o


    Execution Region ER_RW (Base: 0x00000000, Size: 0x00000000, Max: 0xffffffff, ABSOLUTE)

    **** No section assigned to this execution region ****


    Execution Region ER_ZI (Base: 0x00000000, Size: 0x00000000, Max: 0xffffffff, ABSOLUTE)

    **** No section assigned to this execution region ****


==============================================================================

Image component sizes


      Code (inc. data)   RO Data    RW Data    ZI Data      Debug   Object Name

        72         36          0          0          0        168   findmin.o
        56          0          0          0          0        172   lab7.o
        40          4          0          0          0        164   lab8.o
        16          0          0          0          0        188   mul.o
        36         12          0          0          0        164   mul32.o
        60         20          0          0          0        176   sumofarray.o

    ----------------------------------------------------------------------
       280         72          0          0          0       1032   Object Totals
         0          0          0          0          0          0   (incl. Generated)
         0          0          0          0          0          0   (incl. Padding)

    ----------------------------------------------------------------------
         0          0          0          0          0          0   Library Totals
         0          0          0          0          0          0   (incl. Padding)

    ----------------------------------------------------------------------

==============================================================================


      Code (inc. data)   RO Data    RW Data    ZI Data      Debug   

       280         72          0          0          0       1032   Grand Totals
       280         72          0          0          0       1032   ELF Image Totals
       280         72          0          0          0          0   ROM Totals

==============================================================================

    Total RO  Size (Code + RO Data)                  280 (   0.27kB)
    Total RW  Size (RW Data + ZI Data)                 0 (   0.00kB)
    Total ROM Size (Code + RO Data + RW Data)        280 (   0.27kB)

==============================================================================

